// Vitest Snapshot v1, https://vitest.dev/guide/snapshot.html

exports[`HomePage > Renders ProductList() 1`] = `
<div>
  <main
    class="product-list"
  >
    <a
      href="/product/0"
    >
      <div
        class="product-card"
        data-product-id="0"
      >
        <img
          alt="#"
        />
        <div
          class="product-info"
        >
          <p
            id="price"
          >
            $ undefined
          </p>
          <h2
            id="name"
          >
            firstTest
          </h2>
        </div>
      </div>
    </a>
    <a
      href="/product/1"
    >
      <div
        class="product-card"
        data-product-id="1"
      >
        <img
          alt="#"
        />
        <div
          class="product-info"
        >
          <p
            id="price"
          >
            $ undefined
          </p>
          <h2
            id="name"
          >
            secondTest
          </h2>
        </div>
      </div>
    </a>
  </main>
</div>
`;
