// Vitest Snapshot v1, https://vitest.dev/guide/snapshot.html

exports[`SortMenu > renders component 1`] = `
<div>
  <div
    class="sort-menu-container"
  >
    <div
      class="title"
    >
      <p>
        Sort
      </p>
      <svg
        aria-hidden="true"
        class="svg-inline--fa fa-chevron-left "
        data-icon="chevron-left"
        data-prefix="fas"
        focusable="false"
        role="img"
        viewBox="0 0 320 512"
        xmlns="http://www.w3.org/2000/svg"
      >
        <path
          d="M9.4 233.4c-12.5 12.5-12.5 32.8 0 45.3l192 192c12.5 12.5 32.8 12.5 45.3 0s12.5-32.8 0-45.3L77.3 256 246.6 86.6c12.5-12.5 12.5-32.8 0-45.3s-32.8-12.5-45.3 0l-192 192z"
          fill="currentColor"
        />
      </svg>
    </div>
    <div
      class="separator"
    />
    <p
      class="sort-item"
      data-group-name="Default"
    >
      Default
    </p>
    <div
      class="sort-group"
    >
      <p
        class="group-title"
      >
        Alphabetically
      </p>
      <div
        class="separator"
      />
      <p
        class="sort-item"
        data-group-name="Alphabetically"
      >
        A to Z
      </p>
      <p
        class="sort-item"
        data-group-name="Alphabetically"
      >
        Z to A
      </p>
    </div>
    <div
      class="sort-group"
    >
      <p
        class="group-title"
      >
        By price
      </p>
      <div
        class="separator"
      />
      <p
        class="sort-item"
        data-group-name="By price"
      >
        Lowest first
      </p>
      <p
        class="sort-item"
        data-group-name="By price"
      >
        Highest first
      </p>
    </div>
    <div
      class="sort-group"
    >
      <p
        class="group-title"
      >
        By rate
      </p>
      <div
        class="separator"
      />
      <p
        class="sort-item"
        data-group-name="By rate"
      >
        Highest first
      </p>
      <p
        class="sort-item"
        data-group-name="By rate"
      >
        Lowest first
      </p>
    </div>
  </div>
</div>
`;
