// Vitest Snapshot v1, https://vitest.dev/guide/snapshot.html

exports[`Counter > renders component 1`] = `
<div>
  <div
    class="counter"
  >
    <button
      id="decrease"
    >
      <i
        class="fa-solid fa-minus"
      />
    </button>
    <div
      class="quantity-container"
    >
      <p
        class="quantity"
      />
    </div>
    <button
      id="increase"
    >
      <i
        class="fa-solid fa-plus"
      />
    </button>
  </div>
</div>
`;
