// Vitest Snapshot v1, https://vitest.dev/guide/snapshot.html

exports[`EditCartItem > renders component 1`] = `
<div>
  <div
    class="edit-product-container"
  >
    <button
      class="none"
      id="close-edit"
      name="close-edit"
    >
      <i
        class="fa-solid fa-xmark"
      />
    </button>
    <div
      class="product-mobile"
    >
      <div
        class="product-card"
        data-product-id="1"
      >
        <img
          alt="#"
        />
        <div
          class="product-info"
        >
          <p
            id="price"
          >
            $ 109.95
          </p>
          <h2
            id="name"
          />
        </div>
      </div>
      <div
        class="counter"
      >
        <button
          id="decrease"
        >
          <i
            class="fa-solid fa-minus"
          />
        </button>
        <div
          class="quantity-container"
        >
          <p
            class="quantity"
          />
        </div>
        <button
          id="increase"
        >
          <i
            class="fa-solid fa-plus"
          />
        </button>
      </div>
      <button
        id="apply"
      >
        Update quantity
      </button>
    </div>
    <div
      class="product-desktop"
      data-product-id="1"
    >
      <img
        alt="#"
      />
      <div
        class="product-info-desktop"
      >
        <div
          class="product-info-header"
        >
          <p
            id="price"
          >
            $ 109.95
          </p>
          <h2
            id="name"
          />
        </div>
        <div
          class="product-info-actions"
        >
          <div
            class="counter"
          >
            <button
              id="decrease"
            >
              <i
                class="fa-solid fa-minus"
              />
            </button>
            <div
              class="quantity-container"
            >
              <p
                class="quantity"
              />
            </div>
            <button
              id="increase"
            >
              <i
                class="fa-solid fa-plus"
              />
            </button>
          </div>
          <button
            id="apply"
          >
            Update quantity
          </button>
        </div>
      </div>
    </div>
  </div>
  <div
    class="overlay"
  />
</div>
`;
